// Jest Snapshot v1, https://goo.gl/fbAQLP

exports[`species.unit GET /species should return a 200 status code and the species if the call to fetch all species is successful 1`] = `
{
  "_embedded": {
    "species": [
      {
        "_links": {
          "self": {
            "href": "http://localhost:3000/api/species/1",
          },
          "species": {
            "href": "http://localhost:3000/api/species/1",
          },
        },
        "createdAt": "2018-11-07T10:00:00.000+0000",
        "id": "1",
        "name": "Salmon",
        "smallCatchMass": 0.396893,
        "updatedAt": "2018-11-07T10:00:00.000+0000",
      },
      {
        "_links": {
          "self": {
            "href": "http://localhost:3000/api/species/2",
          },
          "species": {
            "href": "http://localhost:3000/api/species/2",
          },
        },
        "createdAt": "2018-11-07T10:00:00.000+0000",
        "id": "2",
        "name": "Sea Trout",
        "smallCatchMass": 0.396893,
        "updatedAt": "2018-11-07T10:00:00.000+0000",
      },
    ],
  },
}
`;
