// Jest Snapshot v1, https://goo.gl/fbAQLP

exports[`submissions.unit GET /submissions/search/getByContactIdAndSeason should return the found submission in the response body 1`] = `
{
  "_links": {
    "activities": {
      "href": "http://localhost:3000/api/submissions/1/activities",
    },
    "self": {
      "href": "http://localhost:3000/api/submissions/1",
    },
    "submission": {
      "href": "http://localhost:3000/api/submissions/1",
    },
  },
  "contactId": "contact-identifier-111",
  "createdAt": "2024-10-10T13:13:11.000Z",
  "id": "1",
  "reportingExclude": false,
  "season": "2024",
  "source": "WEB",
  "status": "COMPLETE",
  "updatedAt": "2024-10-10T13:13:11.000Z",
  "version": "2024-10-10T13:13:11.000Z",
}
`;

exports[`submissions.unit PATCH /submissions/{submissionId} should return the updated submission in the response body 1`] = `
{
  "_links": {
    "activities": {
      "href": "http://localhost:3000/api/submissions/1/activities",
    },
    "self": {
      "href": "http://localhost:3000/api/submissions/1",
    },
    "submission": {
      "href": "http://localhost:3000/api/submissions/1",
    },
  },
  "contactId": "contact-identifier-111",
  "createdAt": "2024-10-10T13:13:11.000Z",
  "id": "1",
  "reportingExclude": false,
  "season": "2024",
  "source": "WEB",
  "status": "COMPLETE",
  "updatedAt": "2024-10-10T13:13:11.000Z",
  "version": "2024-10-10T13:13:11.000Z",
}
`;
